---
source: crates/jackin-console/src/tui/view/tests.rs
expression: rendered
---
 jackin❯  · workspaces                                                                                        
                                                                                                              
╔═══════════════════════════════╗┌ General ──────────────────────────────────────────────────────────────────┐
║▸  Current directory           ║│  Working dir /workspace                                                   │
║   ws                          ║└───────────────────────────────────────────────────────────────────────────┘
║                               ║┌ Mounts ───────────────────────────────────────────────────────────────────┐
║  + New workspace              ║│  Destination  Mode  Isolation  Type                                       │
║                               ║│  /workspace   rw    shared     unknown                                    │
║                               ║└───────────────────────────────────────────────────────────────────────────┘
║                               ║┌ Global mounts ────────────────────────────────────────────────────────────┐
║                               ║│  Destination  Mode                                                        │
║                               ║│  /cache       rw                                                          │
║                               ║└───────────────────────────────────────────────────────────────────────────┘
║                               ║┌ Roles ────────────────────────────────────────────────────────────────────┐
║                               ║│  Default (none)                                                           │
║                               ║│                                                                           │
║                               ║│  chainargos/agent-smith    +1 role mounts                                 │
║                               ║└───────────────────────────────────────────────────────────────────────────┘
║                               ║                                                                             
║                               ║                                                                             
║                               ║                                                                             
║                               ║                                                                             
║                               ║                                                                             
║                               ║                                                                             
║                               ║                                                                             
║                               ║                                                                             
║                               ║                                                                             
╚═══════════════════════════════╝                                                                             
                                                                                                              
                               ↑↓ · ↵ launch   N new · S settings   Ctrl-Q quit
