---
source: crates/jackin-console/src/tui/view/tests.rs
expression: rendered
---
 jackin❯  · edit workspace · ws                                                           
                                                                                          
                                                                                          
 General   Mounts   Roles   Environments   Accounts                                       
                                          ──────────                                      
┌────────────────────────────────────────────────────────────────────────────────────────┐
│  ▸ Workspace / Claude: automatic                                                       │
│    Workspace / Codex: automatic                                                        │
│    Workspace / Amp: automatic                                                          │
│    Workspace / Kimi: automatic                                                         │
│    Workspace / OpenCode: automatic                                                     │
│    Workspace / Grok: automatic                                                         │
│    Workspace / GitHub: inherited                                                       │
│                                                                                        │
│                                                                                        │
│                                                                                        │
└────────────────────────────────────────────────────────────────────────────────────────┘
                                                                                          
   ↑↓ navigate   ↵/Space toggle / next account · D clear   ⇤ tab bar   S save workspace   
                              Esc back · Ctrl-Q quit · ? help
