---
source: crates/jackin-console/src/tui/view/tests.rs
expression: rendered
---
 jackin❯  · settings                                                                      
                                                                                          
                                                                                          
 General   Mounts   Environments   Accounts   Trust                                       
─────────                                                                                 
┌────────────────────────────────────────────────────────────────────────────────────────┐
│    Co-author trailer         disabled                                                  │
│    DCO sign-off              disabled                                                  │
│                                                                                        │
│                                                                                        │
│                                                                                        │
│                                                                                        │
│                                                                                        │
│                                                                                        │
│                                                                                        │
│                                                                                        │
│                                                                                        │
└────────────────────────────────────────────────────────────────────────────────────────┘
                                                                                          
   ←→ switch tab   ⇥/↓ enter content   S save settings   Esc back · Ctrl-Q quit · ? help
