---
source: crates/jackin-console/src/tui/view/tests.rs
expression: rendered
---
 jackin❯  · workspaces                                                          
                                                                                
╔══════════════════════╗┌ General ─────────────────────────────────────────────┐
║▸  Current directory  ║│  Working dir /workspace                              │
║  + New workspace     ║└──────────────────────────────────────────────────────┘
║                      ║┌ Mounts ──────────────────────────────────────────────┐
║                      ║│  Destination  Mode  Isolation  Type                  │
║                      ║│  /workspace   rw    shared     unknown               │
║                      ║└──────────────────────────────────────────────────────┘
║                      ║┌ Roles ───────────────────────────────────────────────┐
║                      ║│  Default (none)                                      │
║                      ║│                                                      │
║                      ║│                                                      │
║                      ║└──────────────────────────────────────────────────────┘
║                      ║                                                        
║                      ║                                                        
║                      ║                                                        
║                      ║                                                        
║                      ║                                                        
║                      ║                                                        
║                      ║                                                        
╚══════════════════════╝                                                        
                                                                                
                ↑↓ · ↵ launch   N new · S settings   Ctrl-Q quit
