---
source: crates/jackin-console/src/tui/view/tests.rs
expression: rendered
---
 jackin❯  · edit workspace · ws                                                           
                                                                                          
                                                                                          
 General   Mounts   Roles   Environments   Auth                                           
                                          ━━━━━━                                          
╔════════════════════════════════════════════════════════════════════════════════════════╗
║▸ Claude Code                                                                           ║
║  Codex                                                                                 ║
║  Amp                                                                                   ║
║  OpenCode                                                                              ║
║  Grok                                                                                  ║
║  GitHub CLI                                                                            ║
║  Z.AI                                                                                  ║
║  MiniMax                                                                               ║
║                                                                                        ║
║                                                                                        ║
║                                                                                        ║
╚════════════════════════════════════════════════════════════════════════════════════════╝
                                                                                          
    ↑↓ navigate   ↵ manage auth   ⇤ tab bar   S save workspace   Esc back · Ctrl-Q quit
