---
source: crates/jackin-console/src/tui/view/tests.rs
assertion_line: 1020
expression: rendered
---
 jackin❯  · edit workspace · ws                                                           
                                                                                          
                                                                                          
 General   Mounts   Roles   Environments   Auth                                           
          ━━━━━━━━                                                                        
┌────────────────────────────────────────────────────────────────────────────────────────┐
│  Destination  Mode  Isolation  Type                                                    │
│  + Add mount                                                                           │
│                                                                                        │
│                                                                                        │
│                                                                                        │
│                                                                                        │
│                                                                                        │
│                                                                                        │
│                                                                                        │
│                                                                                        │
│                                                                                        │
└────────────────────────────────────────────────────────────────────────────────────────┘
                                                                                          
       ←→ switch tab   ⇥/↓ enter content   S save workspace   Esc back · Ctrl-Q quit
