---
source: crates/jackin-capsule/src/tui/components/branch_context_bar/tests.rs
assertion_line: 261
expression: rendered
---
[24;1H[48;2;255;255;255m[38;2;0;0;0m                                                                                                                        [24;1H[48;2;255;255;255m[38;2;0;0;0m[1m PR #434 · Surface PR context in Capsule [24;102H[48;2;255;255;255m[38;2;0;80;180m jk-test-container [0m
