---
source: src/console/tui/view/snapshot_tests.rs
assertion_line: 86
expression: rendered
---
 jackin'  · edit workspace · my-workspace                                                 
                                                                                          
                                                                                          
 General   Mounts   Roles   Environments   Auth                                           
━━━━━━━━━                                                                                 
┌────────────────────────────────────────────────────────────────────────────────────────┐
│  Name           my-workspace                                                           │
│  Working dir                                                                           │
│  Keep awake     disabled                                                               │
│  Git pull       disabled                                                               │
│                                                                                        │
│                                                                                        │
│                                                                                        │
│                                                                                        │
│                                                                                        │
│                                                                                        │
│                                                                                        │
│                                                                                        │
└────────────────────────────────────────────────────────────────────────────────────────┘
                        ←→ switch tab   S save workspace   Esc back
