---
source: crates/jackin-capsule/src/tui/components/dialog/tests.rs
expression: "render_usage_dialog_snapshot(60, 18, UsageDialogTab::Provider)"
---



  ┌ Usage: OpenAI ───────────────────────────────────────┐
  │ Overview   OpenAI   Anthropic   Amp   xAI   Z.AI   Ki│
  │           ━━━━━━━━                                   │
  │                                                      │
  │  OpenAI                          alexey@example.com  │
  │  Updated just now                           Pro 20x  │
  │──────────────────────────────────────────────────────│
  │  Session  37% left · Resets 15:07                    │
  │  Credits  unsupported                                │
  │                                                      │
  └──────────────────────────────────────────────────────┘
