---
source: crates/jackin-capsule/src/tui/components/dialog/tests.rs
expression: "render_usage_dialog_snapshot(120, 40, UsageDialogTab::Provider)"
---











                 ┌ Usage ─────────────────────────────────────────────────────────────────────────────┐
                 │ Overview   OpenAI   Anthropic   Amp   xAI   Z.AI   Kimi   MiniMax                  │
                 │           ━━━━━━━━                                                                 │
                 │                                                                                    │
                 │  OpenAI                                                          alexey@example.com│
                 │  Updated just now                                                           Pro 20x│
                 │                                                                                    │
                 │  Session                                                                           │
                 │  ███████████████████████████████···················································│
                 │  37% left                                                              Resets 15:07│
                 │  10% in reserve                                                   Lasts until reset│
                 │                                                                                    │
                 │  Credits                                                                           │
                 │  ··················································································│
                 │  unsupported                                                                       │
                 │  Detail local diagnostic detail                                                    │
                 │                                                                                    │
                 └────────────────────────────────────────────────────────────────────────────────────┘
