---
source: src/console/manager/render/snapshot_tests.rs
expression: rendered
---
 jackin'  · edit workspace · ws                                                           
                                                                                          
                                                                                          
 General   Mounts   Roles   Environments   Auth                                           
          ━━━━━━━━                                                                        
┌────────────────────────────────────────────────────────────────────────────────────────┐
│  Destination  Mode  Isolation  Type                                                    │
│▸ + Add mount                                                                           │
│                                                                                        │
│                                                                                        │
│                                                                                        │
│                                                                                        │
│                                                                                        │
│                                                                                        │
│                                                                                        │
│                                                                                        │
│                                                                                        │
│                                                                                        │
└────────────────────────────────────────────────────────────────────────────────────────┘
              ←→ switch tab   ⇥/↓ enter content   S save workspace   Esc back
