---
source: src/console/manager/render/snapshot_tests.rs
expression: rendered
---
 jackin'  · settings                                                                      
                                                                                          
                                                                                          
 General   Mounts   Environments   Auth   Trust                                           
━━━━━━━━━                                                                                 
┌────────────────────────────────────────────────────────────────────────────────────────┐
│  Co-author trailer         disabled                                                    │
│  DCO sign-off              disabled                                                    │
│                                                                                        │
│                                                                                        │
│                                                                                        │
│                                                                                        │
│                                                                                        │
│                                                                                        │
│                                                                                        │
│                                                                                        │
│                                                                                        │
│                                                                                        │
└────────────────────────────────────────────────────────────────────────────────────────┘
              ←→ switch tab   ⇥/↓ enter content   S save settings   Esc back
