---
source: src/console/manager/render/snapshot_tests.rs
assertion_line: 73
expression: rendered
---
 jackin'  · settings                                                                      
                                                                                          
                                                                                          
 General   Mounts   Environments   Auth   Trust                                           
━━━━━━━━━                                                                                 
┌────────────────────────────────────────────────────────────────────────────────────────┐
│▸ Co-author trailer         disabled                                                    │
│  DCO sign-off              disabled                                                    │
│                                                                                        │
│                                                                                        │
│                                                                                        │
│                                                                                        │
│                                                                                        │
│                                                                                        │
│                                                                                        │
│                                                                                        │
│                                                                                        │
│                                                                                        │
└────────────────────────────────────────────────────────────────────────────────────────┘
             ←→ switch tab   Tab/↓ enter content   S save settings   Esc back
